// Jest Snapshot v1, https://goo.gl/fbAQLP

exports[`Loader component The Loader component is equal the snapshot 1`] = `
<DocumentFragment>
  <div
    class="loader_wrapper"
  >
    <div
      class="loader"
    >
      <div />
      <div />
    </div>
  </div>
</DocumentFragment>
`;
