// Jest Snapshot v1, https://goo.gl/fbAQLP

exports[`App component render App component without waiting fetched data 1`] = `
<DocumentFragment>
  <div
    class="App"
  >
    <div
      class="card_wrapper"
    >
      <div
        class="loader_wrapper"
      >
        <div
          class="loader"
        >
          <div />
          <div />
        </div>
      </div>
    </div>
  </div>
</DocumentFragment>
`;
